Initialized native services in: C:\Users\Brayan Iglesias\.gradle\native
Initialized jansi services in: C:\Users\Brayan Iglesias\.gradle\native
Received JVM installation metadata from 'C:\Program Files\Java\jdk-17': {JAVA_HOME=C:\Program Files\Java\jdk-17, JAVA_VERSION=17.0.12, JAVA_VENDOR=Oracle Corporation, RUNTIME_NAME=Java(TM) SE Runtime Environment, RUNTIME_VERSION=17.0.12+8-LTS-286, VM_NAME=Java HotSpot(TM) 64-Bit Server VM, VM_VERSION=17.0.12+8-LTS-286, VM_VENDOR=Oracle Corporation, OS_ARCH=amd64}
To honour the JVM settings for this build a single-use Daemon process will be forked. For more on this, please refer to https://docs.gradle.org/8.8/userguide/gradle_daemon.html#sec:disabling_the_daemon in the Gradle documentation.
Starting process 'Gradle build daemon'. Working directory: C:\Users\Brayan Iglesias\.gradle\daemon\8.8 Command: C:\Program Files\Java\jdk-17\bin\java.exe --add-opens=java.base/java.util=ALL-UNNAMED --add-opens=java.base/java.lang=ALL-UNNAMED --add-opens=java.base/java.lang.invoke=ALL-UNNAMED --add-opens=java.prefs/java.util.prefs=ALL-UNNAMED --add-opens=java.base/java.nio.charset=ALL-UNNAMED --add-opens=java.base/java.net=ALL-UNNAMED --add-opens=java.base/java.util.concurrent.atomic=ALL-UNNAMED -Xmx3G -Dfile.encoding=windows-1252 -Duser.country=CO -Duser.language=es -Duser.variant -cp C:\Users\Brayan Iglesias\.gradle\wrapper\dists\gradle-8.8-bin\dl7vupf4psengwqhwktix4v1\gradle-8.8\lib\gradle-launcher-8.8.jar -javaagent:C:\Users\Brayan Iglesias\.gradle\wrapper\dists\gradle-8.8-bin\dl7vupf4psengwqhwktix4v1\gradle-8.8\lib\agents\gradle-instrumentation-agent-8.8.jar org.gradle.launcher.daemon.bootstrap.GradleDaemon 8.8
Successfully started process 'Gradle build daemon'
An attempt to start the daemon took 1.163 secs.
The client will now receive all logging from the daemon (pid: 8632). The daemon log file: C:\Users\Brayan Iglesias\.gradle\daemon\8.8\daemon-8632.out.log
Daemon will be stopped at the end of the build 
Using 16 worker leases.
Received JVM installation metadata from 'C:\Program Files\Java\jdk-17': {JAVA_HOME=C:\Program Files\Java\jdk-17, JAVA_VERSION=17.0.12, JAVA_VENDOR=Oracle Corporation, RUNTIME_NAME=Java(TM) SE Runtime Environment, RUNTIME_VERSION=17.0.12+8-LTS-286, VM_NAME=Java HotSpot(TM) 64-Bit Server VM, VM_VERSION=17.0.12+8-LTS-286, VM_VENDOR=Oracle Corporation, OS_ARCH=amd64}
Watching the file system is configured to be enabled if available
Now considering [C:\Users\Brayan Iglesias\Downloads\nuevo mod\forge-1.20.1-47.4.0-mdk] as hierarchies to watch
File system watching is active
Starting Build
Transforming foojay-resolver-0.7.0.jar (org.gradle.toolchains:foojay-resolver:0.7.0) with InstrumentationAnalysisTransform
Transforming gson-2.9.1.jar (com.google.code.gson:gson:2.9.1) with InstrumentationAnalysisTransform
Transforming foojay-resolver-0.7.0.jar (org.gradle.toolchains:foojay-resolver:0.7.0) with InstrumentationAnalysisTransform
Transforming foojay-resolver-0.7.0.jar (org.gradle.toolchains:foojay-resolver:0.7.0) with MergeInstrumentationAnalysisTransform
Transforming gson-2.9.1.jar (com.google.code.gson:gson:2.9.1) with InstrumentationAnalysisTransform
Transforming gson-2.9.1.jar (com.google.code.gson:gson:2.9.1) with MergeInstrumentationAnalysisTransform
Transforming foojay-resolver-0.7.0.jar (org.gradle.toolchains:foojay-resolver:0.7.0) with ExternalDependencyInstrumentingArtifactTransform
Transforming gson-2.9.1.jar (com.google.code.gson:gson:2.9.1) with ExternalDependencyInstrumentingArtifactTransform
Settings evaluated using settings file 'C:\Users\Brayan Iglesias\Downloads\nuevo mod\forge-1.20.1-47.4.0-mdk\settings.gradle'.
Projects loaded. Root project using build file 'C:\Users\Brayan Iglesias\Downloads\nuevo mod\forge-1.20.1-47.4.0-mdk\build.gradle'.
Included projects: [root project 'forge-1.20.1-47.4.0-mdk']

> Configure project :
Evaluating root project 'forge-1.20.1-47.4.0-mdk' using build file 'C:\Users\Brayan Iglesias\Downloads\nuevo mod\forge-1.20.1-47.4.0-mdk\build.gradle'.
Transforming shadow-8.1.1.jar (com.github.johnrengelman:shadow:8.1.1) with InstrumentationAnalysisTransform
Transforming log4j-core-2.20.0.jar (org.apache.logging.log4j:log4j-core:2.20.0) with InstrumentationAnalysisTransform
Transforming ForgeGradle-6.0.35.jar (net.minecraftforge.gradle:ForgeGradle:6.0.35) with InstrumentationAnalysisTransform
Transforming jdom2-2.0.6.1.jar (org.jdom:jdom2:2.0.6.1) with InstrumentationAnalysisTransform
Transforming asm-commons-9.4.jar (org.ow2.asm:asm-commons:9.4) with InstrumentationAnalysisTransform
Transforming asm-tree-9.4.jar (org.ow2.asm:asm-tree:9.4) with InstrumentationAnalysisTransform
Transforming asm-9.4.jar (org.ow2.asm:asm:9.4) with InstrumentationAnalysisTransform
Transforming commons-io-2.11.0.jar (commons-io:commons-io:2.11.0) with InstrumentationAnalysisTransform
Transforming ant-1.10.13.jar (org.apache.ant:ant:1.10.13) with InstrumentationAnalysisTransform
Transforming JarJarSelector-0.3.19.jar (net.minecraftforge:JarJarSelector:0.3.19) with InstrumentationAnalysisTransform
Transforming JarJarMetadata-0.3.19.jar (net.minecraftforge:JarJarMetadata:0.3.19) with InstrumentationAnalysisTransform
Transforming maven-artifact-3.9.1.jar (org.apache.maven:maven-artifact:3.9.1) with InstrumentationAnalysisTransform
Transforming plexus-utils-3.5.1.jar (org.codehaus.plexus:plexus-utils:3.5.1) with InstrumentationAnalysisTransform
Transforming jdependency-2.8.0.jar (org.vafer:jdependency:2.8.0) with InstrumentationAnalysisTransform
Transforming gson-2.10.1.jar (com.google.code.gson:gson:2.10.1) with InstrumentationAnalysisTransform
Transforming guava-31.1-jre.jar (com.google.guava:guava:31.1-jre) with InstrumentationAnalysisTransform
Transforming fastcsv-2.2.1.jar (de.siegmar:fastcsv:2.2.1) with InstrumentationAnalysisTransform
Transforming artifactural-3.0.20.jar (net.minecraftforge:artifactural:3.0.20) with InstrumentationAnalysisTransform
Transforming unsafe-0.2.0.jar (net.minecraftforge:unsafe:0.2.0) with InstrumentationAnalysisTransform
Transforming httpclient-4.5.14.jar (org.apache.httpcomponents:httpclient:4.5.14) with InstrumentationAnalysisTransform
Transforming srgutils-0.5.10.jar (net.minecraftforge:srgutils:0.5.10) with InstrumentationAnalysisTransform
Transforming DiffPatch-2.0.12-all.jar (net.minecraftforge:DiffPatch:2.0.12) with InstrumentationAnalysisTransform
Transforming ant-launcher-1.10.13.jar (org.apache.ant:ant-launcher:1.10.13) with InstrumentationAnalysisTransform
Transforming log4j-api-2.20.0.jar (org.apache.logging.log4j:log4j-api:2.20.0) with InstrumentationAnalysisTransform
Transforming failureaccess-1.0.1.jar (com.google.guava:failureaccess:1.0.1) with InstrumentationAnalysisTransform
Transforming listenablefuture-9999.0-empty-to-avoid-conflict-with-guava.jar (com.google.guava:listenablefuture:9999.0-empty-to-avoid-conflict-with-guava) with InstrumentationAnalysisTransform
Transforming jsr305-3.0.2.jar (com.google.code.findbugs:jsr305:3.0.2) with InstrumentationAnalysisTransform
Transforming checker-qual-3.12.0.jar (org.checkerframework:checker-qual:3.12.0) with InstrumentationAnalysisTransform
Transforming error_prone_annotations-2.11.0.jar (com.google.errorprone:error_prone_annotations:2.11.0) with InstrumentationAnalysisTransform
Transforming j2objc-annotations-1.3.jar (com.google.j2objc:j2objc-annotations:1.3) with InstrumentationAnalysisTransform
Transforming commons-lang3-3.9.jar (org.apache.commons:commons-lang3:3.9) with InstrumentationAnalysisTransform
Transforming httpcore-4.4.16.jar (org.apache.httpcomponents:httpcore:4.4.16) with InstrumentationAnalysisTransform
Transforming commons-logging-1.2.jar (commons-logging:commons-logging:1.2) with InstrumentationAnalysisTransform
Transforming commons-codec-1.11.jar (commons-codec:commons-codec:1.11) with InstrumentationAnalysisTransform
Transforming fastutil-8.3.1.jar (it.unimi.dsi:fastutil:8.3.1) with InstrumentationAnalysisTransform
Transforming commons-compress-1.18.jar (org.apache.commons:commons-compress:1.18) with InstrumentationAnalysisTransform
Transforming xz-1.8.jar (org.tukaani:xz:1.8) with InstrumentationAnalysisTransform
Transforming jopt-simple-5.0.4.jar (net.sf.jopt-simple:jopt-simple:5.0.4) with InstrumentationAnalysisTransform
Transforming noexception-1.7.1.jar (com.machinezoo.noexception:noexception:1.7.1) with InstrumentationAnalysisTransform
Transforming slf4j-simple-1.7.30.jar (org.slf4j:slf4j-simple:1.7.30) with InstrumentationAnalysisTransform
Transforming slf4j-api-1.7.30.jar (org.slf4j:slf4j-api:1.7.30) with InstrumentationAnalysisTransform
Transforming shadow-8.1.1.jar (com.github.johnrengelman:shadow:8.1.1) with InstrumentationAnalysisTransform
Transforming shadow-8.1.1.jar (com.github.johnrengelman:shadow:8.1.1) with MergeInstrumentationAnalysisTransform
Transforming log4j-core-2.20.0.jar (org.apache.logging.log4j:log4j-core:2.20.0) with InstrumentationAnalysisTransform
Transforming log4j-core-2.20.0.jar (org.apache.logging.log4j:log4j-core:2.20.0) with MergeInstrumentationAnalysisTransform
Transforming ForgeGradle-6.0.35.jar (net.minecraftforge.gradle:ForgeGradle:6.0.35) with InstrumentationAnalysisTransform
Transforming ForgeGradle-6.0.35.jar (net.minecraftforge.gradle:ForgeGradle:6.0.35) with MergeInstrumentationAnalysisTransform
Transforming jdom2-2.0.6.1.jar (org.jdom:jdom2:2.0.6.1) with InstrumentationAnalysisTransform
Transforming jdom2-2.0.6.1.jar (org.jdom:jdom2:2.0.6.1) with MergeInstrumentationAnalysisTransform
Transforming asm-commons-9.4.jar (org.ow2.asm:asm-commons:9.4) with InstrumentationAnalysisTransform
Transforming asm-commons-9.4.jar (org.ow2.asm:asm-commons:9.4) with MergeInstrumentationAnalysisTransform
Transforming asm-tree-9.4.jar (org.ow2.asm:asm-tree:9.4) with InstrumentationAnalysisTransform
Transforming asm-tree-9.4.jar (org.ow2.asm:asm-tree:9.4) with MergeInstrumentationAnalysisTransform
Transforming asm-9.4.jar (org.ow2.asm:asm:9.4) with InstrumentationAnalysisTransform
Transforming asm-9.4.jar (org.ow2.asm:asm:9.4) with MergeInstrumentationAnalysisTransform
Transforming commons-io-2.11.0.jar (commons-io:commons-io:2.11.0) with InstrumentationAnalysisTransform
Transforming commons-io-2.11.0.jar (commons-io:commons-io:2.11.0) with MergeInstrumentationAnalysisTransform
Transforming ant-1.10.13.jar (org.apache.ant:ant:1.10.13) with InstrumentationAnalysisTransform
Transforming ant-1.10.13.jar (org.apache.ant:ant:1.10.13) with MergeInstrumentationAnalysisTransform
Transforming JarJarSelector-0.3.19.jar (net.minecraftforge:JarJarSelector:0.3.19) with InstrumentationAnalysisTransform
Transforming JarJarSelector-0.3.19.jar (net.minecraftforge:JarJarSelector:0.3.19) with MergeInstrumentationAnalysisTransform
Transforming JarJarMetadata-0.3.19.jar (net.minecraftforge:JarJarMetadata:0.3.19) with InstrumentationAnalysisTransform
Transforming JarJarMetadata-0.3.19.jar (net.minecraftforge:JarJarMetadata:0.3.19) with MergeInstrumentationAnalysisTransform
Transforming maven-artifact-3.9.1.jar (org.apache.maven:maven-artifact:3.9.1) with InstrumentationAnalysisTransform
Transforming maven-artifact-3.9.1.jar (org.apache.maven:maven-artifact:3.9.1) with MergeInstrumentationAnalysisTransform
Transforming plexus-utils-3.5.1.jar (org.codehaus.plexus:plexus-utils:3.5.1) with InstrumentationAnalysisTransform
Transforming plexus-utils-3.5.1.jar (org.codehaus.plexus:plexus-utils:3.5.1) with MergeInstrumentationAnalysisTransform
Transforming jdependency-2.8.0.jar (org.vafer:jdependency:2.8.0) with InstrumentationAnalysisTransform
Transforming jdependency-2.8.0.jar (org.vafer:jdependency:2.8.0) with MergeInstrumentationAnalysisTransform
Transforming gson-2.10.1.jar (com.google.code.gson:gson:2.10.1) with InstrumentationAnalysisTransform
Transforming gson-2.10.1.jar (com.google.code.gson:gson:2.10.1) with MergeInstrumentationAnalysisTransform
Transforming guava-31.1-jre.jar (com.google.guava:guava:31.1-jre) with InstrumentationAnalysisTransform
Transforming asm-9.4.jar (org.ow2.asm:asm:9.4) with ExternalDependencyInstrumentingArtifactTransform
Transforming commons-io-2.11.0.jar (commons-io:commons-io:2.11.0) with ExternalDependencyInstrumentingArtifactTransform
Transforming guava-31.1-jre.jar (com.google.guava:guava:31.1-jre) with MergeInstrumentationAnalysisTransform
Transforming fastcsv-2.2.1.jar (de.siegmar:fastcsv:2.2.1) with InstrumentationAnalysisTransform
Transforming fastcsv-2.2.1.jar (de.siegmar:fastcsv:2.2.1) with MergeInstrumentationAnalysisTransform
Transforming artifactural-3.0.20.jar (net.minecraftforge:artifactural:3.0.20) with InstrumentationAnalysisTransform
Transforming artifactural-3.0.20.jar (net.minecraftforge:artifactural:3.0.20) with MergeInstrumentationAnalysisTransform
Transforming unsafe-0.2.0.jar (net.minecraftforge:unsafe:0.2.0) with InstrumentationAnalysisTransform
Transforming unsafe-0.2.0.jar (net.minecraftforge:unsafe:0.2.0) with MergeInstrumentationAnalysisTransform
Transforming httpclient-4.5.14.jar (org.apache.httpcomponents:httpclient:4.5.14) with InstrumentationAnalysisTransform
Transforming log4j-core-2.20.0.jar (org.apache.logging.log4j:log4j-core:2.20.0) with ExternalDependencyInstrumentingArtifactTransform
Transforming httpclient-4.5.14.jar (org.apache.httpcomponents:httpclient:4.5.14) with MergeInstrumentationAnalysisTransform
Transforming srgutils-0.5.10.jar (net.minecraftforge:srgutils:0.5.10) with InstrumentationAnalysisTransform
Transforming srgutils-0.5.10.jar (net.minecraftforge:srgutils:0.5.10) with MergeInstrumentationAnalysisTransform
Transforming DiffPatch-2.0.12-all.jar (net.minecraftforge:DiffPatch:2.0.12) with InstrumentationAnalysisTransform
Transforming jdom2-2.0.6.1.jar (org.jdom:jdom2:2.0.6.1) with ExternalDependencyInstrumentingArtifactTransform
Transforming DiffPatch-2.0.12-all.jar (net.minecraftforge:DiffPatch:2.0.12) with MergeInstrumentationAnalysisTransform
Transforming ForgeGradle-6.0.35.jar (net.minecraftforge.gradle:ForgeGradle:6.0.35) with ExternalDependencyInstrumentingArtifactTransform
Transforming ant-launcher-1.10.13.jar (org.apache.ant:ant-launcher:1.10.13) with InstrumentationAnalysisTransform
Transforming shadow-8.1.1.jar (com.github.johnrengelman:shadow:8.1.1) with ExternalDependencyInstrumentingArtifactTransform
Transforming ant-launcher-1.10.13.jar (org.apache.ant:ant-launcher:1.10.13) with MergeInstrumentationAnalysisTransform
Transforming log4j-api-2.20.0.jar (org.apache.logging.log4j:log4j-api:2.20.0) with InstrumentationAnalysisTransform
Transforming log4j-api-2.20.0.jar (org.apache.logging.log4j:log4j-api:2.20.0) with MergeInstrumentationAnalysisTransform
Transforming failureaccess-1.0.1.jar (com.google.guava:failureaccess:1.0.1) with InstrumentationAnalysisTransform
Transforming failureaccess-1.0.1.jar (com.google.guava:failureaccess:1.0.1) with MergeInstrumentationAnalysisTransform
Transforming listenablefuture-9999.0-empty-to-avoid-conflict-with-guava.jar (com.google.guava:listenablefuture:9999.0-empty-to-avoid-conflict-with-guava) with InstrumentationAnalysisTransform
Transforming listenablefuture-9999.0-empty-to-avoid-conflict-with-guava.jar (com.google.guava:listenablefuture:9999.0-empty-to-avoid-conflict-with-guava) with MergeInstrumentationAnalysisTransform
Transforming JarJarSelector-0.3.19.jar (net.minecraftforge:JarJarSelector:0.3.19) with ExternalDependencyInstrumentingArtifactTransform
Transforming asm-tree-9.4.jar (org.ow2.asm:asm-tree:9.4) with ExternalDependencyInstrumentingArtifactTransform
Transforming asm-commons-9.4.jar (org.ow2.asm:asm-commons:9.4) with ExternalDependencyInstrumentingArtifactTransform
Transforming jsr305-3.0.2.jar (com.google.code.findbugs:jsr305:3.0.2) with InstrumentationAnalysisTransform
Transforming jsr305-3.0.2.jar (com.google.code.findbugs:jsr305:3.0.2) with MergeInstrumentationAnalysisTransform
Transforming checker-qual-3.12.0.jar (org.checkerframework:checker-qual:3.12.0) with InstrumentationAnalysisTransform
Transforming checker-qual-3.12.0.jar (org.checkerframework:checker-qual:3.12.0) with MergeInstrumentationAnalysisTransform
Transforming error_prone_annotations-2.11.0.jar (com.google.errorprone:error_prone_annotations:2.11.0) with InstrumentationAnalysisTransform
Transforming ant-1.10.13.jar (org.apache.ant:ant:1.10.13) with ExternalDependencyInstrumentingArtifactTransform
Transforming error_prone_annotations-2.11.0.jar (com.google.errorprone:error_prone_annotations:2.11.0) with MergeInstrumentationAnalysisTransform
Transforming j2objc-annotations-1.3.jar (com.google.j2objc:j2objc-annotations:1.3) with InstrumentationAnalysisTransform
Transforming j2objc-annotations-1.3.jar (com.google.j2objc:j2objc-annotations:1.3) with MergeInstrumentationAnalysisTransform
Transforming commons-lang3-3.9.jar (org.apache.commons:commons-lang3:3.9) with InstrumentationAnalysisTransform
Transforming commons-lang3-3.9.jar (org.apache.commons:commons-lang3:3.9) with MergeInstrumentationAnalysisTransform
Transforming httpcore-4.4.16.jar (org.apache.httpcomponents:httpcore:4.4.16) with InstrumentationAnalysisTransform
Transforming httpcore-4.4.16.jar (org.apache.httpcomponents:httpcore:4.4.16) with MergeInstrumentationAnalysisTransform
Transforming commons-logging-1.2.jar (commons-logging:commons-logging:1.2) with InstrumentationAnalysisTransform
Transforming commons-logging-1.2.jar (commons-logging:commons-logging:1.2) with MergeInstrumentationAnalysisTransform
Transforming commons-codec-1.11.jar (commons-codec:commons-codec:1.11) with InstrumentationAnalysisTransform
Transforming commons-codec-1.11.jar (commons-codec:commons-codec:1.11) with MergeInstrumentationAnalysisTransform
Transforming fastutil-8.3.1.jar (it.unimi.dsi:fastutil:8.3.1) with InstrumentationAnalysisTransform
Transforming fastutil-8.3.1.jar (it.unimi.dsi:fastutil:8.3.1) with MergeInstrumentationAnalysisTransform
Transforming commons-compress-1.18.jar (org.apache.commons:commons-compress:1.18) with InstrumentationAnalysisTransform
Transforming commons-compress-1.18.jar (org.apache.commons:commons-compress:1.18) with MergeInstrumentationAnalysisTransform
Transforming xz-1.8.jar (org.tukaani:xz:1.8) with InstrumentationAnalysisTransform
Transforming xz-1.8.jar (org.tukaani:xz:1.8) with MergeInstrumentationAnalysisTransform
Transforming jopt-simple-5.0.4.jar (net.sf.jopt-simple:jopt-simple:5.0.4) with InstrumentationAnalysisTransform
Transforming guava-31.1-jre.jar (com.google.guava:guava:31.1-jre) with ExternalDependencyInstrumentingArtifactTransform
Transforming jopt-simple-5.0.4.jar (net.sf.jopt-simple:jopt-simple:5.0.4) with MergeInstrumentationAnalysisTransform
Transforming noexception-1.7.1.jar (com.machinezoo.noexception:noexception:1.7.1) with InstrumentationAnalysisTransform
Transforming noexception-1.7.1.jar (com.machinezoo.noexception:noexception:1.7.1) with MergeInstrumentationAnalysisTransform
Transforming slf4j-simple-1.7.30.jar (org.slf4j:slf4j-simple:1.7.30) with InstrumentationAnalysisTransform
Transforming slf4j-simple-1.7.30.jar (org.slf4j:slf4j-simple:1.7.30) with MergeInstrumentationAnalysisTransform
Transforming slf4j-api-1.7.30.jar (org.slf4j:slf4j-api:1.7.30) with InstrumentationAnalysisTransform
Transforming slf4j-api-1.7.30.jar (org.slf4j:slf4j-api:1.7.30) with MergeInstrumentationAnalysisTransform
Transforming gson-2.10.1.jar (com.google.code.gson:gson:2.10.1) with ExternalDependencyInstrumentingArtifactTransform
Transforming plexus-utils-3.5.1.jar (org.codehaus.plexus:plexus-utils:3.5.1) with ExternalDependencyInstrumentingArtifactTransform
Transforming JarJarMetadata-0.3.19.jar (net.minecraftforge:JarJarMetadata:0.3.19) with ExternalDependencyInstrumentingArtifactTransform
Transforming maven-artifact-3.9.1.jar (org.apache.maven:maven-artifact:3.9.1) with ExternalDependencyInstrumentingArtifactTransform
Transforming jdependency-2.8.0.jar (org.vafer:jdependency:2.8.0) with ExternalDependencyInstrumentingArtifactTransform
Transforming fastcsv-2.2.1.jar (de.siegmar:fastcsv:2.2.1) with ExternalDependencyInstrumentingArtifactTransform
Transforming artifactural-3.0.20.jar (net.minecraftforge:artifactural:3.0.20) with ExternalDependencyInstrumentingArtifactTransform
Transforming unsafe-0.2.0.jar (net.minecraftforge:unsafe:0.2.0) with ExternalDependencyInstrumentingArtifactTransform
Transforming ant-launcher-1.10.13.jar (org.apache.ant:ant-launcher:1.10.13) with ExternalDependencyInstrumentingArtifactTransform
Transforming failureaccess-1.0.1.jar (com.google.guava:failureaccess:1.0.1) with ExternalDependencyInstrumentingArtifactTransform
Transforming listenablefuture-9999.0-empty-to-avoid-conflict-with-guava.jar (com.google.guava:listenablefuture:9999.0-empty-to-avoid-conflict-with-guava) with ExternalDependencyInstrumentingArtifactTransform
Transforming error_prone_annotations-2.11.0.jar (com.google.errorprone:error_prone_annotations:2.11.0) with ExternalDependencyInstrumentingArtifactTransform
Transforming log4j-api-2.20.0.jar (org.apache.logging.log4j:log4j-api:2.20.0) with ExternalDependencyInstrumentingArtifactTransform
Transforming srgutils-0.5.10.jar (net.minecraftforge:srgutils:0.5.10) with ExternalDependencyInstrumentingArtifactTransform
Transforming j2objc-annotations-1.3.jar (com.google.j2objc:j2objc-annotations:1.3) with ExternalDependencyInstrumentingArtifactTransform
Transforming checker-qual-3.12.0.jar (org.checkerframework:checker-qual:3.12.0) with ExternalDependencyInstrumentingArtifactTransform
Transforming DiffPatch-2.0.12-all.jar (net.minecraftforge:DiffPatch:2.0.12) with ExternalDependencyInstrumentingArtifactTransform
Transforming commons-lang3-3.9.jar (org.apache.commons:commons-lang3:3.9) with ExternalDependencyInstrumentingArtifactTransform
Transforming httpcore-4.4.16.jar (org.apache.httpcomponents:httpcore:4.4.16) with ExternalDependencyInstrumentingArtifactTransform
Transforming fastutil-8.3.1.jar (it.unimi.dsi:fastutil:8.3.1) with ExternalDependencyInstrumentingArtifactTransform
Transforming jsr305-3.0.2.jar (com.google.code.findbugs:jsr305:3.0.2) with ExternalDependencyInstrumentingArtifactTransform
Transforming noexception-1.7.1.jar (com.machinezoo.noexception:noexception:1.7.1) with ExternalDependencyInstrumentingArtifactTransform
Transforming httpclient-4.5.14.jar (org.apache.httpcomponents:httpclient:4.5.14) with ExternalDependencyInstrumentingArtifactTransform
Transforming commons-compress-1.18.jar (org.apache.commons:commons-compress:1.18) with ExternalDependencyInstrumentingArtifactTransform
Transforming xz-1.8.jar (org.tukaani:xz:1.8) with ExternalDependencyInstrumentingArtifactTransform
Transforming jopt-simple-5.0.4.jar (net.sf.jopt-simple:jopt-simple:5.0.4) with ExternalDependencyInstrumentingArtifactTransform
Transforming slf4j-api-1.7.30.jar (org.slf4j:slf4j-api:1.7.30) with ExternalDependencyInstrumentingArtifactTransform
Transforming slf4j-simple-1.7.30.jar (org.slf4j:slf4j-simple:1.7.30) with ExternalDependencyInstrumentingArtifactTransform
Transforming commons-logging-1.2.jar (commons-logging:commons-logging:1.2) with ExternalDependencyInstrumentingArtifactTransform
Transforming commons-codec-1.11.jar (commons-codec:commons-codec:1.11) with ExternalDependencyInstrumentingArtifactTransform
Java: 17.0.12, JVM: 17.0.12+8-LTS-286 (Oracle Corporation), Arch: amd64
Downloading net.minecraftforge:forge:1.20.1-47.1.0:userdev
Downloading net.minecraftforge:forge:1.20.1-47.1.0:universal@jar
Downloading net.minecraftforge:forge:1.20.1-47.1.0:sources@jar
Downloading de.oceanlabs.mcp:mcp_config:1.20.1-20230612.114412@zip
Downloading de.oceanlabs.mcp:mcp_config:1.20.1@zip
Downloading de.oceanlabs.mcp:mcp_config:1.20.1@zip
Creating reobfuscation task for JarJar task: jarJar
All projects evaluated.
Task name matched 'build'
Selected primary task 'build' from project :
Directory 'C:\Program Files\Eclipse Adoptium\jdk-8.0.442.6-hotspot' (Windows Registry) auto-detected used for java installations does not exist
Starting process 'command 'C:\Program Files\Eclipse Adoptium\jdk-21.0.6.7-hotspot\bin\java.exe''. Working directory: C:\Users\Brayan Iglesias\.gradle\.tmp\tmp-jvm15527172499734866042probe Command: C:\Program Files\Eclipse Adoptium\jdk-21.0.6.7-hotspot\bin\java.exe -Xmx32m -Xms32m -cp . JavaProbe
Successfully started process 'command 'C:\Program Files\Eclipse Adoptium\jdk-21.0.6.7-hotspot\bin\java.exe''
Received JVM installation metadata from 'C:\Program Files\Eclipse Adoptium\jdk-21.0.6.7-hotspot': {JAVA_HOME=C:\Program Files\Eclipse Adoptium\jdk-21.0.6.7-hotspot, JAVA_VERSION=21.0.6, JAVA_VENDOR=Eclipse Adoptium, RUNTIME_NAME=OpenJDK Runtime Environment, RUNTIME_VERSION=21.0.6+7-LTS, VM_NAME=OpenJDK 64-Bit Server VM, VM_VERSION=21.0.6+7-LTS, VM_VENDOR=Eclipse Adoptium, OS_ARCH=amd64}
Starting process 'command 'C:\Users\Brayan Iglesias\.gradle\jdks\eclipse_adoptium-17-amd64-windows\jdk-17.0.15+6\bin\java.exe''. Working directory: C:\Users\Brayan Iglesias\.gradle\.tmp\tmp-jvm17915548468252021969probe Command: C:\Users\Brayan Iglesias\.gradle\jdks\eclipse_adoptium-17-amd64-windows\jdk-17.0.15+6\bin\java.exe -Xmx32m -Xms32m -cp . JavaProbe
Successfully started process 'command 'C:\Users\Brayan Iglesias\.gradle\jdks\eclipse_adoptium-17-amd64-windows\jdk-17.0.15+6\bin\java.exe''
Received JVM installation metadata from 'C:\Users\Brayan Iglesias\.gradle\jdks\eclipse_adoptium-17-amd64-windows\jdk-17.0.15+6': {JAVA_HOME=C:\Users\Brayan Iglesias\.gradle\jdks\eclipse_adoptium-17-amd64-windows\jdk-17.0.15+6, JAVA_VERSION=17.0.15, JAVA_VENDOR=Eclipse Adoptium, RUNTIME_NAME=OpenJDK Runtime Environment, RUNTIME_VERSION=17.0.15+6, VM_NAME=OpenJDK 64-Bit Server VM, VM_VERSION=17.0.15+6, VM_VENDOR=Eclipse Adoptium, OS_ARCH=amd64}
Downloading net.minecraftforge:ForgeAutoRenamingTool:1.0.6:all
Downloading net.minecraftforge:ForgeAutoRenamingTool:1.0.6:all
Tasks to be executed: [task ':compileJava', task ':processResources', task ':classes', task ':jar', task ':downloadMcpConfig', task ':extractSrg', task ':createMcpToSrg', task ':reobfJar', task ':jarJar', task ':reobfJarJar', task ':assemble', task ':compileTestJava', task ':processTestResources', task ':testClasses', task ':test', task ':check', task ':build']
Tasks that were excluded: []
Resolve mutations for :compileJava (Thread[Execution worker Thread 2,5,main]) started.
:compileJava (Thread[Execution worker Thread 2,5,main]) started.

> Task :compileJava FAILED
Downloading net.minecraft:mappings_official:1.20.1@zip
Downloading net.minecraft:client:1.20.1:mappings@txt
Downloading net.minecraft:server:1.20.1:mappings@txt
Downloading de.oceanlabs.mcp:mcp_config:1.20.1@zip
Downloading de.oceanlabs.mcp:mcp_config:1.20.1@zip
Downloading net.minecraft:mappings_official:1.20.1@zip
Caching disabled for task ':compileJava' because:
  Build cache is disabled
Task ':compileJava' is not up-to-date because:
  Input property 'stableSources' file C:\Users\Brayan Iglesias\Downloads\nuevo mod\forge-1.20.1-47.4.0-mdk\src\main\java\com\ejemplo\npcai\MeganChatListener.java has changed.
  Input property 'stableSources' file C:\Users\Brayan Iglesias\Downloads\nuevo mod\forge-1.20.1-47.4.0-mdk\src\main\java\com\ejemplo\npcai\MeganCollectResourceGoal.java has changed.
  Input property 'stableSources' file C:\Users\Brayan Iglesias\Downloads\nuevo mod\forge-1.20.1-47.4.0-mdk\src\main\java\com\ejemplo\npcai\MeganFollowPlayerGoal.java has changed.
Created classpath snapshot for incremental compilation in 0.265 secs.
Compiling with toolchain 'C:\Program Files\Java\jdk-17'.
Compiling with JDK Java compiler API.
Incremental compilation of 31 classes completed in 0.959 secs.
.\gradlew : C:\Users\Brayan Iglesias\Downloads\nuevo mod\forge-1.20.1-47.4.0-mdk\src\main\ja
va\com\ejemplo\npcai\MeganCollectResourceGoal.java:189: error: reached end of file while 
parsing
En línea: 1 Carácter: 1
+ .\gradlew build --stacktrace --info --warning-mode all > build_output ...
+ ~~~~~~~~~~~~~~~~~~~~~~~~~~~~~~~~~~~~~~~~~~~~~~~~~~~~~~~~~~~~~~~~~~~~~
    + CategoryInfo          : NotSpecified: (C:\Users\Brayan...e while parsing:String) [],  
   RemoteException
    + FullyQualifiedErrorId : NativeCommandError
 
    }
     ^
1 error

FAILURE: Build failed with an exception.

* What went wrong:
Execution failed for task ':compileJava'.
> Compilation failed; see the compiler error output for details.

* Try:
> Run with --scan to get full insights.

* Exception is:
org.gradle.api.tasks.TaskExecutionException: Execution failed for task ':compileJava'.
	at org.gradle.api.internal.tasks.execution.ExecuteActionsTaskExecuter.lambda$executeIfValid
$1(ExecuteActionsTaskExecuter.java:130)
	at org.gradle.internal.Try$Failure.ifSuccessfulOrElse(Try.java:282)
	at org.gradle.api.internal.tasks.execution.ExecuteActionsTaskExecuter.executeIfValid(Execut
eActionsTaskExecuter.java:128)
	at org.gradle.api.internal.tasks.execution.ExecuteActionsTaskExecuter.execute(ExecuteAction
sTaskExecuter.java:116)
	at org.gradle.api.internal.tasks.execution.FinalizePropertiesTaskExecuter.execute(FinalizeP
ropertiesTaskExecuter.java:46)
	at org.gradle.api.internal.tasks.execution.ResolveTaskExecutionModeExecuter.execute(Resolve
TaskExecutionModeExecuter.java:51)
	at org.gradle.api.internal.tasks.execution.SkipTaskWithNoActionsExecuter.execute(SkipTaskWi
thNoActionsExecuter.java:57)
	at org.gradle.api.internal.tasks.execution.SkipOnlyIfTaskExecuter.execute(SkipOnlyIfTaskExe
cuter.java:74)
	at org.gradle.api.internal.tasks.execution.CatchExceptionTaskExecuter.execute(CatchExceptio
nTaskExecuter.java:36)
	at org.gradle.api.internal.tasks.execution.EventFiringTaskExecuter$1.executeTask(EventFirin
gTaskExecuter.java:77)
	at org.gradle.api.internal.tasks.execution.EventFiringTaskExecuter$1.call(EventFiringTaskEx
ecuter.java:55)
	at org.gradle.api.internal.tasks.execution.EventFiringTaskExecuter$1.call(EventFiringTaskEx
ecuter.java:52)
	at org.gradle.internal.operations.DefaultBuildOperationRunner$CallableBuildOperationWorker.
execute(DefaultBuildOperationRunner.java:209)
	at org.gradle.internal.operations.DefaultBuildOperationRunner$CallableBuildOperationWorker.
execute(DefaultBuildOperationRunner.java:204)
	at org.gradle.internal.operations.DefaultBuildOperationRunner$2.execute(DefaultBuildOperati
onRunner.java:66)
	at org.gradle.internal.operations.DefaultBuildOperationRunner$2.execute(DefaultBuildOperati
onRunner.java:59)
	at org.gradle.internal.operations.DefaultBuildOperationRunner.execute(DefaultBuildOperation
Runner.java:166)
	at org.gradle.internal.operations.DefaultBuildOperationRunner.execute(DefaultBuildOperation
Runner.java:59)
	at org.gradle.internal.operations.DefaultBuildOperationRunner.call(DefaultBuildOperationRun
ner.java:53)
	at org.gradle.api.internal.tasks.execution.EventFiringTaskExecuter.execute(EventFiringTaskE
xecuter.java:52)
	at org.gradle.execution.plan.LocalTaskNodeExecutor.execute(LocalTaskNodeExecutor.java:42)
	at org.gradle.execution.taskgraph.DefaultTaskExecutionGraph$InvokeNodeExecutorsAction.execu
te(DefaultTaskExecutionGraph.java:331)
	at org.gradle.execution.taskgraph.DefaultTaskExecutionGraph$InvokeNodeExecutorsAction.execu
te(DefaultTaskExecutionGraph.java:318)
	at org.gradle.execution.taskgraph.DefaultTaskExecutionGraph$BuildOperationAwareExecutionAct
ion.lambda$execute$0(DefaultTaskExecutionGraph.java:314)
	at org.gradle.internal.operations.CurrentBuildOperationRef.with(CurrentBuildOperationRef.ja
va:80)
	at org.gradle.execution.taskgraph.DefaultTaskExecutionGraph$BuildOperationAwareExecutionAct
ion.execute(DefaultTaskExecutionGraph.java:314)
	at org.gradle.execution.taskgraph.DefaultTaskExecutionGraph$BuildOperationAwareExecutionAct
ion.execute(DefaultTaskExecutionGraph.java:303)
	at org.gradle.execution.plan.DefaultPlanExecutor$ExecutorWorker.execute(DefaultPlanExecutor
.java:463)
	at org.gradle.execution.plan.DefaultPlanExecutor$ExecutorWorker.run(DefaultPlanExecutor.jav
a:380)
	at org.gradle.internal.concurrent.ExecutorPolicy$CatchAndRecordFailures.onExecute(ExecutorP
olicy.java:64)
	at org.gradle.internal.concurrent.AbstractManagedExecutor$1.run(AbstractManagedExecutor.jav
a:47)
Caused by: org.gradle.api.internal.tasks.compile.CompilationFailedException: Compilation 
failed; see the compiler error output for details.
	at org.gradle.api.internal.tasks.compile.JdkJavaCompiler.execute(JdkJavaCompiler.java:61)
	at org.gradle.api.internal.tasks.compile.JdkJavaCompiler.execute(JdkJavaCompiler.java:41)
	at org.gradle.api.internal.tasks.compile.NormalizingJavaCompiler.delegateAndHandleErrors(No
rmalizingJavaCompiler.java:98)
	at org.gradle.api.internal.tasks.compile.NormalizingJavaCompiler.execute(NormalizingJavaCom
piler.java:52)
	at org.gradle.api.internal.tasks.compile.NormalizingJavaCompiler.execute(NormalizingJavaCom
piler.java:38)
	at org.gradle.api.internal.tasks.compile.AnnotationProcessorDiscoveringCompiler.execute(Ann
otationProcessorDiscoveringCompiler.java:52)
	at org.gradle.api.internal.tasks.compile.AnnotationProcessorDiscoveringCompiler.execute(Ann
otationProcessorDiscoveringCompiler.java:38)
	at org.gradle.api.internal.tasks.compile.ModuleApplicationNameWritingCompiler.execute(Modul
eApplicationNameWritingCompiler.java:46)
	at org.gradle.api.internal.tasks.compile.ModuleApplicationNameWritingCompiler.execute(Modul
eApplicationNameWritingCompiler.java:36)
	at org.gradle.jvm.toolchain.internal.DefaultToolchainJavaCompiler.execute(DefaultToolchainJ
avaCompiler.java:57)
	at org.gradle.api.tasks.compile.JavaCompile.lambda$createToolchainCompiler$3(JavaCompile.ja
va:202)
	at org.gradle.api.internal.tasks.compile.incremental.SelectiveCompiler.lambda$execute$0(Sel
ectiveCompiler.java:101)
	at org.gradle.api.internal.tasks.compile.incremental.transaction.CompileTransaction.execute
(CompileTransaction.java:108)
	at org.gradle.api.internal.tasks.compile.incremental.SelectiveCompiler.execute(SelectiveCom
piler.java:95)
	at org.gradle.api.internal.tasks.compile.incremental.SelectiveCompiler.execute(SelectiveCom
piler.java:44)
	at org.gradle.api.internal.tasks.compile.incremental.IncrementalResultStoringCompiler.execu
te(IncrementalResultStoringCompiler.java:66)
	at org.gradle.api.internal.tasks.compile.incremental.IncrementalResultStoringCompiler.execu
te(IncrementalResultStoringCompiler.java:52)
	at org.gradle.api.internal.tasks.compile.CompileJavaBuildOperationReportingCompiler$1.call(
CompileJavaBuildOperationReportingCompiler.java:64)
	at org.gradle.api.internal.tasks.compile.CompileJavaBuildOperationReportingCompiler$1.call(
CompileJavaBuildOperationReportingCompiler.java:48)
	at org.gradle.internal.operations.DefaultBuildOperationRunner$CallableBuildOperationWorker.
execute(DefaultBuildOperationRunner.java:209)
	at org.gradle.internal.operations.DefaultBuildOperationRunner$CallableBuildOperationWorker.
execute(DefaultBuildOperationRunner.java:204)
	at org.gradle.internal.operations.DefaultBuildOperationRunner$2.execute(DefaultBuildOperati
onRunner.java:66)
	at org.gradle.internal.operations.DefaultBuildOperationRunner$2.execute(DefaultBuildOperati
onRunner.java:59)
	at org.gradle.internal.operations.DefaultBuildOperationRunner.execute(DefaultBuildOperation
Runner.java:166)
	at org.gradle.internal.operations.DefaultBuildOperationRunner.execute(DefaultBuildOperation
Runner.java:59)
	at org.gradle.internal.operations.DefaultBuildOperationRunner.call(DefaultBuildOperationRun
ner.java:53)
	at org.gradle.api.internal.tasks.compile.CompileJavaBuildOperationReportingCompiler.execute
(CompileJavaBuildOperationReportingCompiler.java:48)
	at org.gradle.api.tasks.compile.JavaCompile.performCompilation(JavaCompile.java:220)
	at 
org.gradle.api.tasks.compile.JavaCompile.performIncrementalCompilation(JavaCompile.java:161)
	at org.gradle.api.tasks.compile.JavaCompile.compile(JavaCompile.java:146)
	at java.base/jdk.internal.reflect.NativeMethodAccessorImpl.invoke0(Native Method)
	at java.base/jdk.internal.reflect.NativeMethodAccessorImpl.invoke(NativeMethodAccessorImpl.
java:77)
	at java.base/jdk.internal.reflect.DelegatingMethodAccessorImpl.invoke(DelegatingMethodAcces
sorImpl.java:43)
	at org.gradle.internal.reflect.JavaMethod.invoke(JavaMethod.java:125)
	at org.gradle.api.internal.project.taskfactory.IncrementalTaskAction.doExecute(IncrementalT
askAction.java:45)
	at org.gradle.api.internal.project.taskfactory.StandardTaskAction.execute(StandardTaskActio
n.java:51)
	at org.gradle.api.internal.project.taskfactory.IncrementalTaskAction.execute(IncrementalTas
kAction.java:26)
	at org.gradle.api.internal.project.taskfactory.StandardTaskAction.execute(StandardTaskActio
n.java:29)
	at org.gradle.api.internal.tasks.execution.TaskExecution$3.run(TaskExecution.java:244)
	at org.gradle.internal.operations.DefaultBuildOperationRunner$1.execute(DefaultBuildOperati
onRunner.java:29)
	at org.gradle.internal.operations.DefaultBuildOperationRunner$1.execute(DefaultBuildOperati
onRunner.java:26)
	at org.gradle.internal.operations.DefaultBuildOperationRunner$2.execute(DefaultBuildOperati
onRunner.java:66)
	at org.gradle.internal.operations.DefaultBuildOperationRunner$2.execute(DefaultBuildOperati
onRunner.java:59)
	at org.gradle.internal.operations.DefaultBuildOperationRunner.execute(DefaultBuildOperation
Runner.java:166)
	at org.gradle.internal.operations.DefaultBuildOperationRunner.execute(DefaultBuildOperation
Runner.java:59)
	at org.gradle.internal.operations.DefaultBuildOperationRunner.run(DefaultBuildOperationRunn
er.java:47)
	at 
org.gradle.api.internal.tasks.execution.TaskExecution.executeAction(TaskExecution.java:229)
	at 
org.gradle.api.internal.tasks.execution.TaskExecution.executeActions(TaskExecution.java:212)
	at org.gradle.api.internal.tasks.execution.TaskExecution.executeWithPreviousOutputFiles(Tas
kExecution.java:195)
	at org.gradle.api.internal.tasks.execution.TaskExecution.execute(TaskExecution.java:162)
	at org.gradle.internal.execution.steps.ExecuteStep.executeInternal(ExecuteStep.java:105)
	at org.gradle.internal.execution.steps.ExecuteStep.access$000(ExecuteStep.java:44)
	at org.gradle.internal.execution.steps.ExecuteStep$1.call(ExecuteStep.java:59)
	at org.gradle.internal.execution.steps.ExecuteStep$1.call(ExecuteStep.java:56)
	at org.gradle.internal.operations.DefaultBuildOperationRunner$CallableBuildOperationWorker.
execute(DefaultBuildOperationRunner.java:209)
	at org.gradle.internal.operations.DefaultBuildOperationRunner$CallableBuildOperationWorker.
execute(DefaultBuildOperationRunner.java:204)
	at org.gradle.internal.operations.DefaultBuildOperationRunner$2.execute(DefaultBuildOperati
onRunner.java:66)
	at org.gradle.internal.operations.DefaultBuildOperationRunner$2.execute(DefaultBuildOperati
onRunner.java:59)
	at org.gradle.internal.operations.DefaultBuildOperationRunner.execute(DefaultBuildOperation
Runner.java:166)
	at org.gradle.internal.operations.DefaultBuildOperationRunner.execute(DefaultBuildOperation
Runner.java:59)
	at org.gradle.internal.operations.DefaultBuildOperationRunner.call(DefaultBuildOperationRun
ner.java:53)
	at org.gradle.internal.execution.steps.ExecuteStep.execute(ExecuteStep.java:56)
	at org.gradle.internal.execution.steps.ExecuteStep.execute(ExecuteStep.java:44)
	at 
org.gradle.internal.execution.steps.CancelExecutionStep.execute(CancelExecutionStep.java:41)
	at 
org.gradle.internal.execution.steps.TimeoutStep.executeWithoutTimeout(TimeoutStep.java:74)
	at org.gradle.internal.execution.steps.TimeoutStep.execute(TimeoutStep.java:55)
	at org.gradle.internal.execution.steps.PreCreateOutputParentsStep.execute(PreCreateOutputPa
rentsStep.java:50)
	at org.gradle.internal.execution.steps.PreCreateOutputParentsStep.execute(PreCreateOutputPa
rentsStep.java:28)
	at org.gradle.internal.execution.steps.RemovePreviousOutputsStep.execute(RemovePreviousOutp
utsStep.java:67)
	at org.gradle.internal.execution.steps.RemovePreviousOutputsStep.execute(RemovePreviousOutp
utsStep.java:37)
	at org.gradle.internal.execution.steps.BroadcastChangingOutputsStep.execute(BroadcastChangi
ngOutputsStep.java:61)
	at org.gradle.internal.execution.steps.BroadcastChangingOutputsStep.execute(BroadcastChangi
ngOutputsStep.java:26)
	at org.gradle.internal.execution.steps.CaptureOutputsAfterExecutionStep.execute(CaptureOutp
utsAfterExecutionStep.java:67)
	at org.gradle.internal.execution.steps.CaptureOutputsAfterExecutionStep.execute(CaptureOutp
utsAfterExecutionStep.java:45)
	at org.gradle.internal.execution.steps.ResolveInputChangesStep.execute(ResolveInputChangesS
tep.java:40)
	at org.gradle.internal.execution.steps.ResolveInputChangesStep.execute(ResolveInputChangesS
tep.java:29)
	at org.gradle.internal.execution.steps.BuildCacheStep.executeWithoutCache(BuildCacheStep.ja
va:189)
	at 
org.gradle.internal.execution.steps.BuildCacheStep.lambda$execute$1(BuildCacheStep.java:75)
	at org.gradle.internal.Either$Right.fold(Either.java:175)
	at org.gradle.internal.execution.caching.CachingState.fold(CachingState.java:62)
	at org.gradle.internal.execution.steps.BuildCacheStep.execute(BuildCacheStep.java:73)
	at org.gradle.internal.execution.steps.BuildCacheStep.execute(BuildCacheStep.java:48)
	at org.gradle.internal.execution.steps.StoreExecutionStateStep.execute(StoreExecutionStateS
tep.java:46)
	at org.gradle.internal.execution.steps.StoreExecutionStateStep.execute(StoreExecutionStateS
tep.java:35)
	at org.gradle.internal.execution.steps.SkipUpToDateStep.executeBecause(SkipUpToDateStep.jav
a:76)
	at org.gradle.internal.execution.steps.SkipUpToDateStep.lambda$execute$2(SkipUpToDateStep.j
ava:54)
	at org.gradle.internal.execution.steps.SkipUpToDateStep.execute(SkipUpToDateStep.java:54)
	at org.gradle.internal.execution.steps.SkipUpToDateStep.execute(SkipUpToDateStep.java:36)
1 actionable task: 1 executed
Watched directory hierarchies: [C:\Users\Brayan Iglesias\Downloads\nuevo mod\forge-1.20.1-47.4.0-mdk]
	at org.gradle.internal.execution.steps.legacy.MarkSnapshottingInputsFinishedStep.execute(Ma
rkSnapshottingInputsFinishedStep.java:37)
	at org.gradle.internal.execution.steps.legacy.MarkSnapshottingInputsFinishedStep.execute(Ma
rkSnapshottingInputsFinishedStep.java:27)
	at org.gradle.internal.execution.steps.ResolveIncrementalCachingStateStep.executeDelegate(R
esolveIncrementalCachingStateStep.java:49)
	at org.gradle.internal.execution.steps.ResolveIncrementalCachingStateStep.executeDelegate(R
esolveIncrementalCachingStateStep.java:27)
	at org.gradle.internal.execution.steps.AbstractResolveCachingStateStep.execute(AbstractReso
lveCachingStateStep.java:71)
	at org.gradle.internal.execution.steps.AbstractResolveCachingStateStep.execute(AbstractReso
lveCachingStateStep.java:39)
	at 
org.gradle.internal.execution.steps.ResolveChangesStep.execute(ResolveChangesStep.java:65)
	at 
org.gradle.internal.execution.steps.ResolveChangesStep.execute(ResolveChangesStep.java:36)
	at org.gradle.internal.execution.steps.ValidateStep.execute(ValidateStep.java:106)
	at org.gradle.internal.execution.steps.ValidateStep.execute(ValidateStep.java:55)
	at org.gradle.internal.execution.steps.AbstractCaptureStateBeforeExecutionStep.execute(Abst
ractCaptureStateBeforeExecutionStep.java:64)
	at org.gradle.internal.execution.steps.AbstractCaptureStateBeforeExecutionStep.execute(Abst
ractCaptureStateBeforeExecutionStep.java:43)
	at org.gradle.internal.execution.steps.AbstractSkipEmptyWorkStep.executeWithNonEmptySources
(AbstractSkipEmptyWorkStep.java:125)
	at org.gradle.internal.execution.steps.AbstractSkipEmptyWorkStep.execute(AbstractSkipEmptyW
orkStep.java:61)
	at org.gradle.internal.execution.steps.AbstractSkipEmptyWorkStep.execute(AbstractSkipEmptyW
orkStep.java:36)
	at org.gradle.internal.execution.steps.legacy.MarkSnapshottingInputsStartedStep.execute(Mar
kSnapshottingInputsStartedStep.java:38)
	at org.gradle.internal.execution.steps.LoadPreviousExecutionStateStep.execute(LoadPreviousE
xecutionStateStep.java:36)
	at org.gradle.internal.execution.steps.LoadPreviousExecutionStateStep.execute(LoadPreviousE
xecutionStateStep.java:23)
	at org.gradle.internal.execution.steps.HandleStaleOutputsStep.execute(HandleStaleOutputsSte
p.java:75)
	at org.gradle.internal.execution.steps.HandleStaleOutputsStep.execute(HandleStaleOutputsSte
p.java:41)
	at org.gradle.internal.execution.steps.AssignMutableWorkspaceStep.lambda$execute$0(AssignMu
tableWorkspaceStep.java:35)
	at org.gradle.api.internal.tasks.execution.TaskExecution$4.withWorkspace(TaskExecution.java
:289)
	at org.gradle.internal.execution.steps.AssignMutableWorkspaceStep.execute(AssignMutableWork
spaceStep.java:31)
	at org.gradle.internal.execution.steps.AssignMutableWorkspaceStep.execute(AssignMutableWork
spaceStep.java:22)
	at 
org.gradle.internal.execution.steps.ChoosePipelineStep.execute(ChoosePipelineStep.java:40)
	at 
org.gradle.internal.execution.steps.ChoosePipelineStep.execute(ChoosePipelineStep.java:23)
	at org.gradle.internal.execution.steps.ExecuteWorkBuildOperationFiringStep.lambda$execute$2
(ExecuteWorkBuildOperationFiringStep.java:67)
	at org.gradle.internal.execution.steps.ExecuteWorkBuildOperationFiringStep.execute(ExecuteW
orkBuildOperationFiringStep.java:67)
	at org.gradle.internal.execution.steps.ExecuteWorkBuildOperationFiringStep.execute(ExecuteW
orkBuildOperationFiringStep.java:39)
	at org.gradle.internal.execution.steps.IdentityCacheStep.execute(IdentityCacheStep.java:46)
	at org.gradle.internal.execution.steps.IdentityCacheStep.execute(IdentityCacheStep.java:34)
	at org.gradle.internal.execution.steps.IdentifyStep.execute(IdentifyStep.java:48)
	at org.gradle.internal.execution.steps.IdentifyStep.execute(IdentifyStep.java:35)
	at org.gradle.internal.execution.impl.DefaultExecutionEngine$1.execute(DefaultExecutionEngi
ne.java:61)
	at org.gradle.api.internal.tasks.execution.ExecuteActionsTaskExecuter.executeIfValid(Execut
eActionsTaskExecuter.java:127)
	at org.gradle.api.internal.tasks.execution.ExecuteActionsTaskExecuter.execute(ExecuteAction
sTaskExecuter.java:116)
	at org.gradle.api.internal.tasks.execution.FinalizePropertiesTaskExecuter.execute(FinalizeP
ropertiesTaskExecuter.java:46)
	at org.gradle.api.internal.tasks.execution.ResolveTaskExecutionModeExecuter.execute(Resolve
TaskExecutionModeExecuter.java:51)
	at org.gradle.api.internal.tasks.execution.SkipTaskWithNoActionsExecuter.execute(SkipTaskWi
thNoActionsExecuter.java:57)
	at org.gradle.api.internal.tasks.execution.SkipOnlyIfTaskExecuter.execute(SkipOnlyIfTaskExe
cuter.java:74)
	at org.gradle.api.internal.tasks.execution.CatchExceptionTaskExecuter.execute(CatchExceptio
nTaskExecuter.java:36)
	at org.gradle.api.internal.tasks.execution.EventFiringTaskExecuter$1.executeTask(EventFirin
gTaskExecuter.java:77)
	at org.gradle.api.internal.tasks.execution.EventFiringTaskExecuter$1.call(EventFiringTaskEx
ecuter.java:55)
	at org.gradle.api.internal.tasks.execution.EventFiringTaskExecuter$1.call(EventFiringTaskEx
ecuter.java:52)
	at org.gradle.internal.operations.DefaultBuildOperationRunner$CallableBuildOperationWorker.
execute(DefaultBuildOperationRunner.java:209)
	at org.gradle.internal.operations.DefaultBuildOperationRunner$CallableBuildOperationWorker.
execute(DefaultBuildOperationRunner.java:204)
	at org.gradle.internal.operations.DefaultBuildOperationRunner$2.execute(DefaultBuildOperati
onRunner.java:66)
	at org.gradle.internal.operations.DefaultBuildOperationRunner$2.execute(DefaultBuildOperati
onRunner.java:59)
	at org.gradle.internal.operations.DefaultBuildOperationRunner.execute(DefaultBuildOperation
Runner.java:166)
	at org.gradle.internal.operations.DefaultBuildOperationRunner.execute(DefaultBuildOperation
Runner.java:59)
	at org.gradle.internal.operations.DefaultBuildOperationRunner.call(DefaultBuildOperationRun
ner.java:53)
	at org.gradle.api.internal.tasks.execution.EventFiringTaskExecuter.execute(EventFiringTaskE
xecuter.java:52)
	at org.gradle.execution.plan.LocalTaskNodeExecutor.execute(LocalTaskNodeExecutor.java:42)
	at org.gradle.execution.taskgraph.DefaultTaskExecutionGraph$InvokeNodeExecutorsAction.execu
te(DefaultTaskExecutionGraph.java:331)
	at org.gradle.execution.taskgraph.DefaultTaskExecutionGraph$InvokeNodeExecutorsAction.execu
te(DefaultTaskExecutionGraph.java:318)
	at org.gradle.execution.taskgraph.DefaultTaskExecutionGraph$BuildOperationAwareExecutionAct
ion.lambda$execute$0(DefaultTaskExecutionGraph.java:314)
	at org.gradle.internal.operations.CurrentBuildOperationRef.with(CurrentBuildOperationRef.ja
va:80)
	at org.gradle.execution.taskgraph.DefaultTaskExecutionGraph$BuildOperationAwareExecutionAct
ion.execute(DefaultTaskExecutionGraph.java:314)
	at org.gradle.execution.taskgraph.DefaultTaskExecutionGraph$BuildOperationAwareExecutionAct
ion.execute(DefaultTaskExecutionGraph.java:303)
	at org.gradle.execution.plan.DefaultPlanExecutor$ExecutorWorker.execute(DefaultPlanExecutor
.java:463)
	at org.gradle.execution.plan.DefaultPlanExecutor$ExecutorWorker.run(DefaultPlanExecutor.jav
a:380)
	at org.gradle.internal.concurrent.ExecutorPolicy$CatchAndRecordFailures.onExecute(ExecutorP
olicy.java:64)
	at org.gradle.internal.concurrent.AbstractManagedExecutor$1.run(AbstractManagedExecutor.jav
a:47)


BUILD FAILED in 9s
